#
# There is insufficient memory for the Java Runtime Environment to continue.
# Native memory allocation (malloc) failed to allocate 1221280 bytes for Chunk::new
# Possible reasons:
#   The system is out of physical RAM or swap space
#   The process is running with CompressedOops enabled, and the Java Heap may be blocking the growth of the native heap
# Possible solutions:
#   Reduce memory load on the system
#   Increase physical memory or swap space
#   Check if swap backing store is full
#   Decrease Java heap size (-Xmx/-Xms)
#   Decrease number of Java threads
#   Decrease Java thread stack sizes (-Xss)
#   Set larger code cache with -XX:ReservedCodeCacheSize=
#   JVM is running with Zero Based Compressed Oops mode in which the Java heap is
#     placed in the first 32GB address space. The Java Heap base address is the
#     maximum limit for the native heap growth. Please use -XX:HeapBaseMinAddress
#     to set the Java Heap base and to place the Java Heap above 32GB virtual address.
# This output file may be truncated or incomplete.
#
#  Out of Memory Error (arena.cpp:189), pid=17260, tid=25824
#
# JRE version: Java(TM) SE Runtime Environment (17.0.12+8) (build 17.0.12+8-LTS-286)
# Java VM: Java HotSpot(TM) 64-Bit Server VM (17.0.12+8-LTS-286, mixed mode, sharing, tiered, compressed oops, compressed class ptrs, g1 gc, windows-amd64)
# No core dump will be written. Minidumps are not enabled by default on client versions of Windows
#

---------------  S U M M A R Y ------------

Command Line: -javaagent:D:\Program Files\JetBrains\IntelliJ IDEA Community Edition 2025.2.6.1\lib\idea_rt.jar=57728 -Dfile.encoding=UTF-8 com.epms.EpmsApplication

Host: Intel(R) Core(TM) i7-8550U CPU @ 1.80GHz, 8 cores, 15G,  Windows 11 , 64 bit Build 26100 (10.0.26100.8246)
Time: Mon Jun  1 19:07:16 2026 Myanmar Standard Time elapsed time: 3215.651867 seconds (0d 0h 53m 35s)

---------------  T H R E A D  ---------------

Current thread (0x000001c2375360f0):  JavaThread "C2 CompilerThread0" daemon [_thread_in_native, id=25824, stack(0x0000008800000000,0x0000008800100000)]


Current CompileTask:
C2:3215652 23642       4       org.hibernate.sql.results.graph.entity.AbstractEntityInitializer::resolveEntityInstance (413 bytes)

Stack: [0x0000008800000000,0x0000008800100000]
Native frames: (J=compiled Java code, j=interpreted, Vv=VM code, C=native code)
V  [jvm.dll+0x67a04a]
V  [jvm.dll+0x7da4ed]
V  [jvm.dll+0x7dbe33]
V  [jvm.dll+0x7dc4a3]
V  [jvm.dll+0x24508f]
V  [jvm.dll+0xab773]
V  [jvm.dll+0xabd3c]
V  [jvm.dll+0x361bee]
V  [jvm.dll+0x32c431]
V  [jvm.dll+0x32b8ca]
V  [jvm.dll+0x21683f]
V  [jvm.dll+0x215c6f]
V  [jvm.dll+0x1a2960]
V  [jvm.dll+0x22610b]
V  [jvm.dll+0x2242ab]
V  [jvm.dll+0x79075c]
V  [jvm.dll+0x78abea]
V  [jvm.dll+0x678f35]
C  [ucrtbase.dll+0x37b0]
C  [KERNEL32.DLL+0x2e8d7]
C  [ntdll.dll+0x8c3fc]


---------------  P R O C E S S  ---------------

Threads class SMR info:
_java_thread_list=0x000001c200391050, length=41, elements={
0x000001c23740a8c0, 0x000001c23740bff0, 0x000001c23741bd00, 0x000001c23741e7d0,
0x000001c237534000, 0x000001c2375348d0, 0x000001c2375360f0, 0x000001c237537710,
0x000001c237545b40, 0x000001c237649ef0, 0x000001c23764c260, 0x000001c23764a400,
0x000001c2376499e0, 0x000001c200918fc0, 0x000001c20091c260, 0x000001c200918ab0,
0x000001c20091c770, 0x000001c2002cd060, 0x000001c2002d0d20, 0x000001c2002ce9b0,
0x000001c2002cf8e0, 0x000001c2002d0300, 0x000001c2002cdf90, 0x000001c2002cfdf0,
0x000001c2002ceec0, 0x000001c2002d0810, 0x000001c2002cd570, 0x000001c2002d49e0,
0x000001c2002d3090, 0x000001c2002d2160, 0x000001c2002d1230, 0x000001c2002d35a0,
0x000001c2002d1740, 0x000001c2002d44d0, 0x000001c2002d2670, 0x000001c2002d2b80,
0x000001c2002d1c50, 0x000001c2002d3ab0, 0x000001c2002d3fc0, 0x000001c27e475280,
0x000001c27d3d7db0
}

Java Threads: ( => current thread )
  0x000001c23740a8c0 JavaThread "Reference Handler" daemon [_thread_blocked, id=10348, stack(0x000000887fa00000,0x000000887fb00000)]
  0x000001c23740bff0 JavaThread "Finalizer" daemon [_thread_blocked, id=19872, stack(0x000000887fb00000,0x000000887fc00000)]
  0x000001c23741bd00 JavaThread "Signal Dispatcher" daemon [_thread_blocked, id=19932, stack(0x000000887fc00000,0x000000887fd00000)]
  0x000001c23741e7d0 JavaThread "Attach Listener" daemon [_thread_blocked, id=31704, stack(0x000000887fd00000,0x000000887fe00000)]
  0x000001c237534000 JavaThread "Service Thread" daemon [_thread_blocked, id=10012, stack(0x000000887fe00000,0x000000887ff00000)]
  0x000001c2375348d0 JavaThread "Monitor Deflation Thread" daemon [_thread_blocked, id=16268, stack(0x000000887ff00000,0x0000008880000000)]
=>0x000001c2375360f0 JavaThread "C2 CompilerThread0" daemon [_thread_in_native, id=25824, stack(0x0000008800000000,0x0000008800100000)]
  0x000001c237537710 JavaThread "C1 CompilerThread0" daemon [_thread_blocked, id=31380, stack(0x0000008800100000,0x0000008800200000)]
  0x000001c237545b40 JavaThread "Sweeper thread" daemon [_thread_blocked, id=15472, stack(0x0000008800200000,0x0000008800300000)]
  0x000001c237649ef0 JavaThread "Common-Cleaner" daemon [_thread_blocked, id=15384, stack(0x0000008800300000,0x0000008800400000)]
  0x000001c23764c260 JavaThread "Monitor Ctrl-Break" daemon [_thread_in_native, id=14040, stack(0x0000008800500000,0x0000008800600000)]
  0x000001c23764a400 JavaThread "Notification Thread" daemon [_thread_blocked, id=22268, stack(0x0000008800600000,0x0000008800700000)]
  0x000001c2376499e0 JavaThread "mysql-cj-abandoned-connection-cleanup" daemon [_thread_blocked, id=10964, stack(0x0000008801000000,0x0000008801100000)]
  0x000001c200918fc0 JavaThread "HikariPool-1 housekeeper" daemon [_thread_blocked, id=31948, stack(0x0000008801500000,0x0000008801600000)]
  0x000001c20091c260 JavaThread "Catalina-utility-1" [_thread_blocked, id=2832, stack(0x0000008801600000,0x0000008801700000)]
  0x000001c200918ab0 JavaThread "Catalina-utility-2" [_thread_blocked, id=29560, stack(0x0000008801700000,0x0000008801800000)]
  0x000001c20091c770 JavaThread "container-0" [_thread_blocked, id=1392, stack(0x0000008801800000,0x0000008801900000)]
  0x000001c2002cd060 JavaThread "File Watcher" daemon [_thread_blocked, id=10516, stack(0x0000008801d00000,0x0000008801e00000)]
  0x000001c2002d0d20 JavaThread "Live Reload Server" daemon [_thread_in_native, id=1676, stack(0x0000008801f00000,0x0000008802000000)]
  0x000001c2002ce9b0 JavaThread "MessageBroker-1" [_thread_blocked, id=26696, stack(0x0000008801e00000,0x0000008801f00000)]
  0x000001c2002cf8e0 JavaThread "http-nio-8081-exec-1" daemon [_thread_blocked, id=16532, stack(0x0000008802000000,0x0000008802100000)]
  0x000001c2002d0300 JavaThread "http-nio-8081-exec-2" daemon [_thread_blocked, id=23724, stack(0x0000008802100000,0x0000008802200000)]
  0x000001c2002cdf90 JavaThread "http-nio-8081-exec-3" daemon [_thread_blocked, id=29340, stack(0x0000008802200000,0x0000008802300000)]
  0x000001c2002cfdf0 JavaThread "http-nio-8081-exec-4" daemon [_thread_blocked, id=31284, stack(0x0000008802300000,0x0000008802400000)]
  0x000001c2002ceec0 JavaThread "http-nio-8081-exec-5" daemon [_thread_blocked, id=23460, stack(0x0000008802400000,0x0000008802500000)]
  0x000001c2002d0810 JavaThread "http-nio-8081-exec-6" daemon [_thread_blocked, id=9028, stack(0x0000008802500000,0x0000008802600000)]
  0x000001c2002cd570 JavaThread "http-nio-8081-exec-7" daemon [_thread_blocked, id=25260, stack(0x0000008802600000,0x0000008802700000)]
  0x000001c2002d49e0 JavaThread "http-nio-8081-exec-8" daemon [_thread_blocked, id=24872, stack(0x0000008802700000,0x0000008802800000)]
  0x000001c2002d3090 JavaThread "http-nio-8081-exec-9" daemon [_thread_blocked, id=19428, stack(0x0000008802800000,0x0000008802900000)]
  0x000001c2002d2160 JavaThread "http-nio-8081-exec-10" daemon [_thread_blocked, id=31524, stack(0x0000008802900000,0x0000008802a00000)]
  0x000001c2002d1230 JavaThread "http-nio-8081-Poller" daemon [_thread_in_native, id=20500, stack(0x0000008802a00000,0x0000008802b00000)]
  0x000001c2002d35a0 JavaThread "http-nio-8081-Acceptor" daemon [_thread_in_native, id=29664, stack(0x0000008802b00000,0x0000008802c00000)]
  0x000001c2002d1740 JavaThread "MessageBroker-2" [_thread_blocked, id=12600, stack(0x0000008802c00000,0x0000008802d00000)]
  0x000001c2002d44d0 JavaThread "MessageBroker-3" [_thread_blocked, id=26236, stack(0x0000008802d00000,0x0000008802e00000)]
  0x000001c2002d2670 JavaThread "MessageBroker-4" [_thread_blocked, id=18096, stack(0x0000008802e00000,0x0000008802f00000)]
  0x000001c2002d2b80 JavaThread "MessageBroker-5" [_thread_blocked, id=28984, stack(0x0000008802f00000,0x0000008803000000)]
  0x000001c2002d1c50 JavaThread "MessageBroker-6" [_thread_blocked, id=27712, stack(0x0000008803000000,0x0000008803100000)]
  0x000001c2002d3ab0 JavaThread "MessageBroker-7" [_thread_blocked, id=21016, stack(0x0000008803100000,0x0000008803200000)]
  0x000001c2002d3fc0 JavaThread "MessageBroker-8" [_thread_blocked, id=10960, stack(0x0000008803200000,0x0000008803300000)]
  0x000001c27e475280 JavaThread "DestroyJavaVM" [_thread_blocked, id=19412, stack(0x000000887f300000,0x000000887f400000)]
  0x000001c27d3d7db0 JavaThread "WebSocket background processing" daemon [_thread_blocked, id=25192, stack(0x0000008801400000,0x0000008801500000)]

Other Threads:
  0x000001c2374062b0 VMThread "VM Thread" [stack: 0x000000887f900000,0x000000887fa00000] [id=16664]
  0x000001c21282adc0 WatcherThread [stack: 0x0000008800700000,0x0000008800800000] [id=26432]
  0x000001c21280b6f0 GCTaskThread "GC Thread#0" [stack: 0x000000887f400000,0x000000887f500000] [id=13748]
  0x000001c27db5ad00 GCTaskThread "GC Thread#1" [stack: 0x0000008800800000,0x0000008800900000] [id=20228]
  0x000001c27d89d4d0 GCTaskThread "GC Thread#2" [stack: 0x0000008800900000,0x0000008800a00000] [id=5180]
  0x000001c27dc78010 GCTaskThread "GC Thread#3" [stack: 0x0000008800a00000,0x0000008800b00000] [id=16864]
  0x000001c27dc782d0 GCTaskThread "GC Thread#4" [stack: 0x0000008800b00000,0x0000008800c00000] [id=20456]
  0x000001c27dc78590 GCTaskThread "GC Thread#5" [stack: 0x0000008800c00000,0x0000008800d00000] [id=32268]
  0x000001c27de28c60 GCTaskThread "GC Thread#6" [stack: 0x0000008800f00000,0x0000008801000000] [id=12448]
  0x000001c27ea0cc10 GCTaskThread "GC Thread#7" [stack: 0x0000008801200000,0x0000008801300000] [id=22216]
  0x000001c21281d130 ConcurrentGCThread "G1 Main Marker" [stack: 0x000000887f500000,0x000000887f600000] [id=12456]
  0x000001c21281f2f0 ConcurrentGCThread "G1 Conc#0" [stack: 0x000000887f600000,0x000000887f700000] [id=24980]
  0x000001c27dd3f700 ConcurrentGCThread "G1 Conc#1" [stack: 0x0000008801300000,0x0000008801400000] [id=1792]
  0x000001c2372be540 ConcurrentGCThread "G1 Refine#0" [stack: 0x000000887f700000,0x000000887f800000] [id=20928]
  0x000001c27f080fa0 ConcurrentGCThread "G1 Refine#1" [stack: 0x0000008801900000,0x0000008801a00000] [id=18568]
  0x000001c27f082140 ConcurrentGCThread "G1 Refine#2" [stack: 0x0000008801a00000,0x0000008801b00000] [id=28220]
  0x000001c2372bef70 ConcurrentGCThread "G1 Service" [stack: 0x000000887f800000,0x000000887f900000] [id=22088]

Threads with active compile tasks:
C2 CompilerThread0  3215748 23642       4       org.hibernate.sql.results.graph.entity.AbstractEntityInitializer::resolveEntityInstance (413 bytes)

VM state: not at safepoint (normal execution)

VM Mutex/Monitor currently owned by a thread: None

Heap address: 0x0000000701e00000, size: 4066 MB, Compressed Oops mode: Zero based, Oop shift amount: 3

CDS archive(s) mapped at: [0x000001c238000000-0x000001c238bd0000-0x000001c238bd0000), size 12386304, SharedBaseAddress: 0x000001c238000000, ArchiveRelocationMode: 1.
Compressed class space mapped at: 0x000001c239000000-0x000001c279000000, reserved size: 1073741824
Narrow klass base: 0x000001c238000000, Narrow klass shift: 0, Narrow klass range: 0x100000000

GC Precious Log:
 CPUs: 8 total, 8 available
 Memory: 16258M
 Large Page Support: Disabled
 NUMA Support: Disabled
 Compressed Oops: Enabled (Zero based)
 Heap Region Size: 2M
 Heap Min Capacity: 8M
 Heap Initial Capacity: 256M
 Heap Max Capacity: 4066M
 Pre-touch: Disabled
 Parallel Workers: 8
 Concurrent Workers: 2
 Concurrent Refinement Workers: 8
 Periodic GC: Disabled

Heap:
 garbage-first heap   total 368640K, used 241223K [0x0000000701e00000, 0x0000000800000000)
  region size 2048K, 57 young (116736K), 2 survivors (4096K)
 Metaspace       used 111138K, committed 112064K, reserved 1179648K
  class space    used 13607K, committed 14080K, reserved 1048576K

Heap Regions: E=young(eden), S=young(survivor), O=old, HS=humongous(starts), HC=humongous(continues), CS=collection set, F=free, OA=open archive, CA=closed archive, TAMS=top-at-mark-start (previous, next)
|   0|0x0000000701e00000, 0x0000000702000000, 0x0000000702000000|100%| O|  |TAMS 0x0000000702000000, 0x0000000701e00000| Untracked 
|   1|0x0000000702000000, 0x0000000702200000, 0x0000000702200000|100%| O|  |TAMS 0x0000000702200000, 0x0000000702000000| Untracked 
|   2|0x0000000702200000, 0x0000000702400000, 0x0000000702400000|100%| O|  |TAMS 0x0000000702400000, 0x0000000702200000| Untracked 
|   3|0x0000000702400000, 0x0000000702600000, 0x0000000702600000|100%| O|  |TAMS 0x0000000702600000, 0x0000000702400000| Untracked 
|   4|0x0000000702600000, 0x000000070279d200, 0x0000000702800000| 80%| O|  |TAMS 0x000000070279d200, 0x0000000702600000| Untracked 
|   5|0x0000000702800000, 0x0000000702a00000, 0x0000000702a00000|100%| O|  |TAMS 0x0000000702a00000, 0x0000000702800000| Untracked 
|   6|0x0000000702a00000, 0x0000000702c00000, 0x0000000702c00000|100%| O|  |TAMS 0x0000000702c00000, 0x0000000702a00000| Untracked 
|   7|0x0000000702c00000, 0x0000000702e00000, 0x0000000702e00000|100%| O|  |TAMS 0x0000000702e00000, 0x0000000702c00000| Untracked 
|   8|0x0000000702e00000, 0x0000000703000000, 0x0000000703000000|100%| O|  |TAMS 0x0000000703000000, 0x0000000702e00000| Untracked 
|   9|0x0000000703000000, 0x0000000703200000, 0x0000000703200000|100%| O|  |TAMS 0x0000000703200000, 0x0000000703000000| Untracked 
|  10|0x0000000703200000, 0x0000000703400000, 0x0000000703400000|100%| O|  |TAMS 0x0000000703400000, 0x0000000703200000| Untracked 
|  11|0x0000000703400000, 0x0000000703600000, 0x0000000703600000|100%| O|  |TAMS 0x0000000703600000, 0x0000000703400000| Untracked 
|  12|0x0000000703600000, 0x0000000703800000, 0x0000000703800000|100%| O|  |TAMS 0x0000000703800000, 0x0000000703600000| Untracked 
|  13|0x0000000703800000, 0x0000000703a00000, 0x0000000703a00000|100%| O|  |TAMS 0x0000000703a00000, 0x0000000703800000| Untracked 
|  14|0x0000000703a00000, 0x0000000703c00000, 0x0000000703c00000|100%| O|  |TAMS 0x0000000703c00000, 0x0000000703a00000| Untracked 
|  15|0x0000000703c00000, 0x0000000703e00000, 0x0000000703e00000|100%| O|  |TAMS 0x0000000703e00000, 0x0000000703c00000| Untracked 
|  16|0x0000000703e00000, 0x0000000704000000, 0x0000000704000000|100%| O|  |TAMS 0x0000000704000000, 0x0000000703e00000| Untracked 
|  17|0x0000000704000000, 0x0000000704200000, 0x0000000704200000|100%| O|  |TAMS 0x0000000704200000, 0x0000000704000000| Untracked 
|  18|0x0000000704200000, 0x0000000704400000, 0x0000000704400000|100%| O|  |TAMS 0x0000000704200000, 0x0000000704200000| Untracked 
|  19|0x0000000704400000, 0x0000000704600000, 0x0000000704600000|100%| O|  |TAMS 0x0000000704600000, 0x0000000704400000| Untracked 
|  20|0x0000000704600000, 0x0000000704800000, 0x0000000704800000|100%| O|  |TAMS 0x0000000704800000, 0x0000000704600000| Untracked 
|  21|0x0000000704800000, 0x0000000704a00000, 0x0000000704a00000|100%| O|  |TAMS 0x0000000704a00000, 0x0000000704800000| Untracked 
|  22|0x0000000704a00000, 0x0000000704c00000, 0x0000000704c00000|100%| O|  |TAMS 0x0000000704c00000, 0x0000000704a00000| Untracked 
|  23|0x0000000704c00000, 0x0000000704e00000, 0x0000000704e00000|100%| O|  |TAMS 0x0000000704e00000, 0x0000000704c00000| Untracked 
|  24|0x0000000704e00000, 0x0000000705000000, 0x0000000705000000|100%| O|  |TAMS 0x0000000705000000, 0x0000000704e00000| Untracked 
|  25|0x0000000705000000, 0x0000000705200000, 0x0000000705200000|100%| O|  |TAMS 0x0000000705200000, 0x0000000705000000| Untracked 
|  26|0x0000000705200000, 0x0000000705400000, 0x0000000705400000|100%| O|  |TAMS 0x0000000705400000, 0x0000000705200000| Untracked 
|  27|0x0000000705400000, 0x0000000705600000, 0x0000000705600000|100%| O|  |TAMS 0x0000000705600000, 0x0000000705400000| Untracked 
|  28|0x0000000705600000, 0x0000000705800000, 0x0000000705800000|100%| O|  |TAMS 0x0000000705800000, 0x0000000705600000| Untracked 
|  29|0x0000000705800000, 0x0000000705a00000, 0x0000000705a00000|100%| O|  |TAMS 0x0000000705a00000, 0x0000000705800000| Untracked 
|  30|0x0000000705a00000, 0x0000000705c00000, 0x0000000705c00000|100%| O|  |TAMS 0x0000000705c00000, 0x0000000705a00000| Untracked 
|  31|0x0000000705c00000, 0x0000000705e00000, 0x0000000705e00000|100%| O|  |TAMS 0x0000000705e00000, 0x0000000705c00000| Untracked 
|  32|0x0000000705e00000, 0x0000000706000000, 0x0000000706000000|100%| O|  |TAMS 0x0000000706000000, 0x0000000705e00000| Untracked 
|  33|0x0000000706000000, 0x0000000706200000, 0x0000000706200000|100%| O|  |TAMS 0x0000000706200000, 0x0000000706000000| Untracked 
|  34|0x0000000706200000, 0x0000000706400000, 0x0000000706400000|100%| O|  |TAMS 0x0000000706400000, 0x0000000706200000| Untracked 
|  35|0x0000000706400000, 0x0000000706600000, 0x0000000706600000|100%| O|  |TAMS 0x0000000706600000, 0x0000000706400000| Untracked 
|  36|0x0000000706600000, 0x0000000706800000, 0x0000000706800000|100%| O|  |TAMS 0x0000000706800000, 0x0000000706600000| Untracked 
|  37|0x0000000706800000, 0x0000000706a00000, 0x0000000706a00000|100%| O|  |TAMS 0x0000000706a00000, 0x0000000706800000| Untracked 
|  38|0x0000000706a00000, 0x0000000706c00000, 0x0000000706c00000|100%| O|  |TAMS 0x0000000706c00000, 0x0000000706a00000| Untracked 
|  39|0x0000000706c00000, 0x0000000706e00000, 0x0000000706e00000|100%| O|  |TAMS 0x0000000706e00000, 0x0000000706c00000| Untracked 
|  40|0x0000000706e00000, 0x0000000707000000, 0x0000000707000000|100%| O|  |TAMS 0x0000000707000000, 0x0000000706e00000| Untracked 
|  41|0x0000000707000000, 0x0000000707200000, 0x0000000707200000|100%| O|  |TAMS 0x0000000707200000, 0x0000000707000000| Untracked 
|  42|0x0000000707200000, 0x0000000707400000, 0x0000000707400000|100%| O|  |TAMS 0x00000007072c2e00, 0x0000000707200000| Untracked 
|  43|0x0000000707400000, 0x0000000707600000, 0x0000000707600000|100%| O|  |TAMS 0x0000000707400000, 0x0000000707400000| Untracked 
|  44|0x0000000707600000, 0x0000000707800000, 0x0000000707800000|100%| O|  |TAMS 0x0000000707600000, 0x0000000707600000| Untracked 
|  45|0x0000000707800000, 0x0000000707a00000, 0x0000000707a00000|100%| O|  |TAMS 0x0000000707800000, 0x0000000707800000| Untracked 
|  46|0x0000000707a00000, 0x0000000707c00000, 0x0000000707c00000|100%| O|  |TAMS 0x0000000707a00000, 0x0000000707a00000| Untracked 
|  47|0x0000000707c00000, 0x0000000707d96c00, 0x0000000707e00000| 79%| O|  |TAMS 0x0000000707c00000, 0x0000000707c00000| Untracked 
|  48|0x0000000707e00000, 0x0000000708000000, 0x0000000708000000|100%| O|  |TAMS 0x0000000707e00000, 0x0000000707e00000| Untracked 
|  49|0x0000000708000000, 0x0000000708200000, 0x0000000708200000|100%| O|  |TAMS 0x0000000708000000, 0x0000000708000000| Untracked 
|  50|0x0000000708200000, 0x0000000708400000, 0x0000000708400000|100%| O|  |TAMS 0x0000000708200000, 0x0000000708200000| Untracked 
|  51|0x0000000708400000, 0x0000000708600000, 0x0000000708600000|100%| O|  |TAMS 0x0000000708400000, 0x0000000708400000| Untracked 
|  52|0x0000000708600000, 0x0000000708800000, 0x0000000708800000|100%| O|  |TAMS 0x0000000708600000, 0x0000000708600000| Untracked 
|  53|0x0000000708800000, 0x0000000708a00000, 0x0000000708a00000|100%| O|  |TAMS 0x0000000708800000, 0x0000000708800000| Untracked 
|  54|0x0000000708a00000, 0x0000000708c00000, 0x0000000708c00000|100%| O|  |TAMS 0x0000000708a00000, 0x0000000708a00000| Untracked 
|  55|0x0000000708c00000, 0x0000000708e00000, 0x0000000708e00000|100%| O|  |TAMS 0x0000000708c00000, 0x0000000708c00000| Untracked 
|  56|0x0000000708e00000, 0x0000000709000000, 0x0000000709000000|100%| O|  |TAMS 0x0000000708e00000, 0x0000000708e00000| Untracked 
|  57|0x0000000709000000, 0x0000000709200000, 0x0000000709200000|100%| O|  |TAMS 0x0000000709000000, 0x0000000709000000| Untracked 
|  58|0x0000000709200000, 0x0000000709400000, 0x0000000709400000|100%| O|  |TAMS 0x0000000709200000, 0x0000000709200000| Untracked 
|  59|0x0000000709400000, 0x0000000709600000, 0x0000000709600000|100%| O|  |TAMS 0x0000000709400000, 0x0000000709400000| Untracked 
|  60|0x0000000709600000, 0x0000000709800000, 0x0000000709800000|100%| O|  |TAMS 0x0000000709600000, 0x0000000709600000| Untracked 
|  61|0x0000000709800000, 0x0000000709a00000, 0x0000000709a00000|100%| O|  |TAMS 0x0000000709800000, 0x0000000709800000| Untracked 
|  62|0x0000000709a00000, 0x0000000709c00000, 0x0000000709c00000|100%| O|  |TAMS 0x0000000709a00000, 0x0000000709a00000| Untracked 
|  63|0x0000000709c00000, 0x0000000709c34000, 0x0000000709e00000| 10%| O|  |TAMS 0x0000000709c00000, 0x0000000709c00000| Untracked 
|  64|0x0000000709e00000, 0x0000000709e00000, 0x000000070a000000|  0%| F|  |TAMS 0x0000000709e00000, 0x0000000709e00000| Untracked 
|  65|0x000000070a000000, 0x000000070a000000, 0x000000070a200000|  0%| F|  |TAMS 0x000000070a000000, 0x000000070a000000| Untracked 
|  66|0x000000070a200000, 0x000000070a200000, 0x000000070a400000|  0%| F|  |TAMS 0x000000070a200000, 0x000000070a200000| Untracked 
|  67|0x000000070a400000, 0x000000070a400000, 0x000000070a600000|  0%| F|  |TAMS 0x000000070a400000, 0x000000070a400000| Untracked 
|  68|0x000000070a600000, 0x000000070a600000, 0x000000070a800000|  0%| F|  |TAMS 0x000000070a600000, 0x000000070a600000| Untracked 
|  69|0x000000070a800000, 0x000000070a800000, 0x000000070aa00000|  0%| F|  |TAMS 0x000000070a800000, 0x000000070a800000| Untracked 
|  70|0x000000070aa00000, 0x000000070aa00000, 0x000000070ac00000|  0%| F|  |TAMS 0x000000070aa00000, 0x000000070aa00000| Untracked 
|  71|0x000000070ac00000, 0x000000070ac00000, 0x000000070ae00000|  0%| F|  |TAMS 0x000000070ac00000, 0x000000070ac00000| Untracked 
|  72|0x000000070ae00000, 0x000000070ae00000, 0x000000070b000000|  0%| F|  |TAMS 0x000000070ae00000, 0x000000070ae00000| Untracked 
|  73|0x000000070b000000, 0x000000070b000000, 0x000000070b200000|  0%| F|  |TAMS 0x000000070b000000, 0x000000070b000000| Untracked 
|  74|0x000000070b200000, 0x000000070b200000, 0x000000070b400000|  0%| F|  |TAMS 0x000000070b200000, 0x000000070b200000| Untracked 
|  75|0x000000070b400000, 0x000000070b400000, 0x000000070b600000|  0%| F|  |TAMS 0x000000070b400000, 0x000000070b400000| Untracked 
|  76|0x000000070b600000, 0x000000070b600000, 0x000000070b800000|  0%| F|  |TAMS 0x000000070b600000, 0x000000070b600000| Untracked 
|  77|0x000000070b800000, 0x000000070b800000, 0x000000070ba00000|  0%| F|  |TAMS 0x000000070b800000, 0x000000070b800000| Untracked 
|  78|0x000000070ba00000, 0x000000070ba00000, 0x000000070bc00000|  0%| F|  |TAMS 0x000000070ba00000, 0x000000070ba00000| Untracked 
|  79|0x000000070bc00000, 0x000000070bc00000, 0x000000070be00000|  0%| F|  |TAMS 0x000000070bc00000, 0x000000070bc00000| Untracked 
|  80|0x000000070be00000, 0x000000070be00000, 0x000000070c000000|  0%| F|  |TAMS 0x000000070be00000, 0x000000070be00000| Untracked 
|  81|0x000000070c000000, 0x000000070c000000, 0x000000070c200000|  0%| F|  |TAMS 0x000000070c000000, 0x000000070c000000| Untracked 
|  82|0x000000070c200000, 0x000000070c200000, 0x000000070c400000|  0%| F|  |TAMS 0x000000070c200000, 0x000000070c200000| Untracked 
|  83|0x000000070c400000, 0x000000070c400000, 0x000000070c600000|  0%| F|  |TAMS 0x000000070c400000, 0x000000070c400000| Untracked 
|  84|0x000000070c600000, 0x000000070c62a180, 0x000000070c800000|  8%| S|CS|TAMS 0x000000070c600000, 0x000000070c600000| Complete 
|  85|0x000000070c800000, 0x000000070ca00000, 0x000000070ca00000|100%| S|CS|TAMS 0x000000070c800000, 0x000000070c800000| Complete 
|  86|0x000000070ca00000, 0x000000070ca00000, 0x000000070cc00000|  0%| F|  |TAMS 0x000000070ca00000, 0x000000070ca00000| Untracked 
|  87|0x000000070cc00000, 0x000000070cc00000, 0x000000070ce00000|  0%| F|  |TAMS 0x000000070cc00000, 0x000000070cc00000| Untracked 
|  88|0x000000070ce00000, 0x000000070ce00000, 0x000000070d000000|  0%| F|  |TAMS 0x000000070ce00000, 0x000000070ce00000| Untracked 
|  89|0x000000070d000000, 0x000000070d000000, 0x000000070d200000|  0%| F|  |TAMS 0x000000070d000000, 0x000000070d000000| Untracked 
|  90|0x000000070d200000, 0x000000070d200000, 0x000000070d400000|  0%| F|  |TAMS 0x000000070d200000, 0x000000070d200000| Untracked 
|  91|0x000000070d400000, 0x000000070d400000, 0x000000070d600000|  0%| F|  |TAMS 0x000000070d400000, 0x000000070d400000| Untracked 
|  92|0x000000070d600000, 0x000000070d600000, 0x000000070d800000|  0%| F|  |TAMS 0x000000070d600000, 0x000000070d600000| Untracked 
|  93|0x000000070d800000, 0x000000070d800000, 0x000000070da00000|  0%| F|  |TAMS 0x000000070d800000, 0x000000070d800000| Untracked 
|  94|0x000000070da00000, 0x000000070da00000, 0x000000070dc00000|  0%| F|  |TAMS 0x000000070da00000, 0x000000070da00000| Untracked 
|  95|0x000000070dc00000, 0x000000070dc00000, 0x000000070de00000|  0%| F|  |TAMS 0x000000070dc00000, 0x000000070dc00000| Untracked 
|  96|0x000000070de00000, 0x000000070de00000, 0x000000070e000000|  0%| F|  |TAMS 0x000000070de00000, 0x000000070de00000| Untracked 
|  97|0x000000070e000000, 0x000000070e000000, 0x000000070e200000|  0%| F|  |TAMS 0x000000070e000000, 0x000000070e000000| Untracked 
|  98|0x000000070e200000, 0x000000070e200000, 0x000000070e400000|  0%| F|  |TAMS 0x000000070e200000, 0x000000070e200000| Untracked 
|  99|0x000000070e400000, 0x000000070e400000, 0x000000070e600000|  0%| F|  |TAMS 0x000000070e400000, 0x000000070e400000| Untracked 
| 100|0x000000070e600000, 0x000000070e600000, 0x000000070e800000|  0%| F|  |TAMS 0x000000070e600000, 0x000000070e600000| Untracked 
| 101|0x000000070e800000, 0x000000070e800000, 0x000000070ea00000|  0%| F|  |TAMS 0x000000070e800000, 0x000000070e800000| Untracked 
| 102|0x000000070ea00000, 0x000000070ea00000, 0x000000070ec00000|  0%| F|  |TAMS 0x000000070ea00000, 0x000000070ea00000| Untracked 
| 103|0x000000070ec00000, 0x000000070ec00000, 0x000000070ee00000|  0%| F|  |TAMS 0x000000070ec00000, 0x000000070ec00000| Untracked 
| 104|0x000000070ee00000, 0x000000070ee00000, 0x000000070f000000|  0%| F|  |TAMS 0x000000070ee00000, 0x000000070ee00000| Untracked 
| 105|0x000000070f000000, 0x000000070f000000, 0x000000070f200000|  0%| F|  |TAMS 0x000000070f000000, 0x000000070f000000| Untracked 
| 106|0x000000070f200000, 0x000000070f200000, 0x000000070f400000|  0%| F|  |TAMS 0x000000070f200000, 0x000000070f200000| Untracked 
| 107|0x000000070f400000, 0x000000070f400000, 0x000000070f600000|  0%| F|  |TAMS 0x000000070f400000, 0x000000070f400000| Untracked 
| 108|0x000000070f600000, 0x000000070f600000, 0x000000070f800000|  0%| F|  |TAMS 0x000000070f600000, 0x000000070f600000| Untracked 
| 109|0x000000070f800000, 0x000000070f800000, 0x000000070fa00000|  0%| F|  |TAMS 0x000000070f800000, 0x000000070f800000| Untracked 
| 110|0x000000070fa00000, 0x000000070fa00000, 0x000000070fc00000|  0%| F|  |TAMS 0x000000070fa00000, 0x000000070fa00000| Untracked 
| 111|0x000000070fc00000, 0x000000070fc00000, 0x000000070fe00000|  0%| F|  |TAMS 0x000000070fc00000, 0x000000070fc00000| Untracked 
| 112|0x000000070fe00000, 0x000000070fe00000, 0x0000000710000000|  0%| F|  |TAMS 0x000000070fe00000, 0x000000070fe00000| Untracked 
| 113|0x0000000710000000, 0x0000000710000000, 0x0000000710200000|  0%| F|  |TAMS 0x0000000710000000, 0x0000000710000000| Untracked 
| 114|0x0000000710200000, 0x0000000710200000, 0x0000000710400000|  0%| F|  |TAMS 0x0000000710200000, 0x0000000710200000| Untracked 
| 115|0x0000000710400000, 0x0000000710400000, 0x0000000710600000|  0%| F|  |TAMS 0x0000000710400000, 0x0000000710400000| Untracked 
| 116|0x0000000710600000, 0x0000000710600000, 0x0000000710800000|  0%| F|  |TAMS 0x0000000710600000, 0x0000000710600000| Untracked 
| 117|0x0000000710800000, 0x0000000710800000, 0x0000000710a00000|  0%| F|  |TAMS 0x0000000710800000, 0x0000000710800000| Untracked 
| 118|0x0000000710a00000, 0x0000000710a00000, 0x0000000710c00000|  0%| F|  |TAMS 0x0000000710a00000, 0x0000000710a00000| Untracked 
| 119|0x0000000710c00000, 0x0000000710c00000, 0x0000000710e00000|  0%| F|  |TAMS 0x0000000710c00000, 0x0000000710c00000| Untracked 
| 120|0x0000000710e00000, 0x0000000710e00000, 0x0000000711000000|  0%| F|  |TAMS 0x0000000710e00000, 0x0000000710e00000| Untracked 
| 121|0x0000000711000000, 0x0000000711000000, 0x0000000711200000|  0%| F|  |TAMS 0x0000000711000000, 0x0000000711000000| Untracked 
| 122|0x0000000711200000, 0x0000000711200000, 0x0000000711400000|  0%| F|  |TAMS 0x0000000711200000, 0x0000000711200000| Untracked 
| 123|0x0000000711400000, 0x0000000711400000, 0x0000000711600000|  0%| F|  |TAMS 0x0000000711400000, 0x0000000711400000| Untracked 
| 124|0x0000000711600000, 0x0000000711600000, 0x0000000711800000|  0%| F|  |TAMS 0x0000000711600000, 0x0000000711600000| Untracked 
| 125|0x0000000711800000, 0x0000000711986250, 0x0000000711a00000| 76%| E|  |TAMS 0x0000000711800000, 0x0000000711800000| Complete 
| 126|0x0000000711a00000, 0x0000000711c00000, 0x0000000711c00000|100%| E|CS|TAMS 0x0000000711a00000, 0x0000000711a00000| Complete 
| 127|0x0000000711c00000, 0x0000000711e00000, 0x0000000711e00000|100%| E|CS|TAMS 0x0000000711c00000, 0x0000000711c00000| Complete 
| 128|0x0000000711e00000, 0x0000000712000000, 0x0000000712000000|100%| E|CS|TAMS 0x0000000711e00000, 0x0000000711e00000| Complete 
| 129|0x0000000712000000, 0x0000000712200000, 0x0000000712200000|100%| E|CS|TAMS 0x0000000712000000, 0x0000000712000000| Complete 
| 130|0x0000000712200000, 0x0000000712400000, 0x0000000712400000|100%| E|CS|TAMS 0x0000000712200000, 0x0000000712200000| Complete 
| 131|0x0000000712400000, 0x0000000712600000, 0x0000000712600000|100%| E|CS|TAMS 0x0000000712400000, 0x0000000712400000| Complete 
| 132|0x0000000712600000, 0x0000000712800000, 0x0000000712800000|100%| E|CS|TAMS 0x0000000712600000, 0x0000000712600000| Complete 
| 133|0x0000000712800000, 0x0000000712a00000, 0x0000000712a00000|100%| E|CS|TAMS 0x0000000712800000, 0x0000000712800000| Complete 
| 134|0x0000000712a00000, 0x0000000712c00000, 0x0000000712c00000|100%| E|CS|TAMS 0x0000000712a00000, 0x0000000712a00000| Complete 
| 135|0x0000000712c00000, 0x0000000712e00000, 0x0000000712e00000|100%| E|CS|TAMS 0x0000000712c00000, 0x0000000712c00000| Complete 
| 136|0x0000000712e00000, 0x0000000713000000, 0x0000000713000000|100%| E|CS|TAMS 0x0000000712e00000, 0x0000000712e00000| Complete 
| 137|0x0000000713000000, 0x0000000713200000, 0x0000000713200000|100%| E|CS|TAMS 0x0000000713000000, 0x0000000713000000| Complete 
| 138|0x0000000713200000, 0x0000000713400000, 0x0000000713400000|100%| E|CS|TAMS 0x0000000713200000, 0x0000000713200000| Complete 
| 139|0x0000000713400000, 0x0000000713600000, 0x0000000713600000|100%| E|CS|TAMS 0x0000000713400000, 0x0000000713400000| Complete 
| 140|0x0000000713600000, 0x0000000713800000, 0x0000000713800000|100%| E|CS|TAMS 0x0000000713600000, 0x0000000713600000| Complete 
| 141|0x0000000713800000, 0x0000000713a00000, 0x0000000713a00000|100%| E|CS|TAMS 0x0000000713800000, 0x0000000713800000| Complete 
| 142|0x0000000713a00000, 0x0000000713c00000, 0x0000000713c00000|100%| E|CS|TAMS 0x0000000713a00000, 0x0000000713a00000| Complete 
| 143|0x0000000713c00000, 0x0000000713e00000, 0x0000000713e00000|100%| E|CS|TAMS 0x0000000713c00000, 0x0000000713c00000| Complete 
| 144|0x0000000713e00000, 0x0000000714000000, 0x0000000714000000|100%| E|CS|TAMS 0x0000000713e00000, 0x0000000713e00000| Complete 
| 145|0x0000000714000000, 0x0000000714200000, 0x0000000714200000|100%| E|CS|TAMS 0x0000000714000000, 0x0000000714000000| Complete 
| 146|0x0000000714200000, 0x0000000714400000, 0x0000000714400000|100%| E|CS|TAMS 0x0000000714200000, 0x0000000714200000| Complete 
| 147|0x0000000714400000, 0x0000000714600000, 0x0000000714600000|100%| E|CS|TAMS 0x0000000714400000, 0x0000000714400000| Complete 
| 148|0x0000000714600000, 0x0000000714800000, 0x0000000714800000|100%| E|CS|TAMS 0x0000000714600000, 0x0000000714600000| Complete 
| 149|0x0000000714800000, 0x0000000714a00000, 0x0000000714a00000|100%| E|CS|TAMS 0x0000000714800000, 0x0000000714800000| Complete 
| 150|0x0000000714a00000, 0x0000000714c00000, 0x0000000714c00000|100%| E|CS|TAMS 0x0000000714a00000, 0x0000000714a00000| Complete 
| 151|0x0000000714c00000, 0x0000000714e00000, 0x0000000714e00000|100%| E|CS|TAMS 0x0000000714c00000, 0x0000000714c00000| Complete 
| 152|0x0000000714e00000, 0x0000000715000000, 0x0000000715000000|100%| E|CS|TAMS 0x0000000714e00000, 0x0000000714e00000| Complete 
| 153|0x0000000715000000, 0x0000000715200000, 0x0000000715200000|100%| E|CS|TAMS 0x0000000715000000, 0x0000000715000000| Complete 
| 154|0x0000000715200000, 0x0000000715400000, 0x0000000715400000|100%| E|CS|TAMS 0x0000000715200000, 0x0000000715200000| Complete 
| 155|0x0000000715400000, 0x0000000715600000, 0x0000000715600000|100%| E|CS|TAMS 0x0000000715400000, 0x0000000715400000| Complete 
| 156|0x0000000715600000, 0x0000000715800000, 0x0000000715800000|100%| E|CS|TAMS 0x0000000715600000, 0x0000000715600000| Complete 
| 157|0x0000000715800000, 0x0000000715a00000, 0x0000000715a00000|100%| E|CS|TAMS 0x0000000715800000, 0x0000000715800000| Complete 
| 158|0x0000000715a00000, 0x0000000715c00000, 0x0000000715c00000|100%| E|CS|TAMS 0x0000000715a00000, 0x0000000715a00000| Complete 
| 159|0x0000000715c00000, 0x0000000715e00000, 0x0000000715e00000|100%| E|CS|TAMS 0x0000000715c00000, 0x0000000715c00000| Complete 
| 160|0x0000000715e00000, 0x0000000716000000, 0x0000000716000000|100%| E|CS|TAMS 0x0000000715e00000, 0x0000000715e00000| Complete 
| 161|0x0000000716000000, 0x0000000716200000, 0x0000000716200000|100%| E|CS|TAMS 0x0000000716000000, 0x0000000716000000| Complete 
| 162|0x0000000716200000, 0x0000000716400000, 0x0000000716400000|100%| E|CS|TAMS 0x0000000716200000, 0x0000000716200000| Complete 
| 163|0x0000000716400000, 0x0000000716600000, 0x0000000716600000|100%| E|CS|TAMS 0x0000000716400000, 0x0000000716400000| Complete 
| 164|0x0000000716600000, 0x0000000716800000, 0x0000000716800000|100%| E|CS|TAMS 0x0000000716600000, 0x0000000716600000| Complete 
| 165|0x0000000716800000, 0x0000000716a00000, 0x0000000716a00000|100%| E|CS|TAMS 0x0000000716800000, 0x0000000716800000| Complete 
| 166|0x0000000716a00000, 0x0000000716c00000, 0x0000000716c00000|100%| E|CS|TAMS 0x0000000716a00000, 0x0000000716a00000| Complete 
| 167|0x0000000716c00000, 0x0000000716e00000, 0x0000000716e00000|100%| E|CS|TAMS 0x0000000716c00000, 0x0000000716c00000| Complete 
| 168|0x0000000716e00000, 0x0000000717000000, 0x0000000717000000|100%| E|CS|TAMS 0x0000000716e00000, 0x0000000716e00000| Complete 
| 169|0x0000000717000000, 0x0000000717200000, 0x0000000717200000|100%| E|CS|TAMS 0x0000000717000000, 0x0000000717000000| Complete 
| 170|0x0000000717200000, 0x0000000717400000, 0x0000000717400000|100%| E|CS|TAMS 0x0000000717200000, 0x0000000717200000| Complete 
| 171|0x0000000717400000, 0x0000000717600000, 0x0000000717600000|100%| E|CS|TAMS 0x0000000717400000, 0x0000000717400000| Complete 
| 172|0x0000000717600000, 0x0000000717800000, 0x0000000717800000|100%| E|CS|TAMS 0x0000000717600000, 0x0000000717600000| Complete 
| 173|0x0000000717800000, 0x0000000717a00000, 0x0000000717a00000|100%| E|CS|TAMS 0x0000000717800000, 0x0000000717800000| Complete 
| 174|0x0000000717a00000, 0x0000000717c00000, 0x0000000717c00000|100%| E|CS|TAMS 0x0000000717a00000, 0x0000000717a00000| Complete 
| 184|0x0000000718e00000, 0x0000000719000000, 0x0000000719000000|100%| E|CS|TAMS 0x0000000718e00000, 0x0000000718e00000| Complete 
| 185|0x0000000719000000, 0x0000000719200000, 0x0000000719200000|100%| E|CS|TAMS 0x0000000719000000, 0x0000000719000000| Complete 
| 186|0x0000000719200000, 0x0000000719400000, 0x0000000719400000|100%| E|CS|TAMS 0x0000000719200000, 0x0000000719200000| Complete 
| 187|0x0000000719400000, 0x0000000719600000, 0x0000000719600000|100%| E|CS|TAMS 0x0000000719400000, 0x0000000719400000| Complete 
| 188|0x0000000719600000, 0x0000000719800000, 0x0000000719800000|100%| E|CS|TAMS 0x0000000719600000, 0x0000000719600000| Complete 

Card table byte_map: [0x000001c22ba80000,0x000001c22c280000] _byte_map_base: 0x000001c228271000

Marking Bits (Prev, Next): (CMBitMap*) 0x000001c21280bd50, (CMBitMap*) 0x000001c21280bd10
 Prev Bits: [0x000001c230a10000, 0x000001c234998000)
 Next Bits: [0x000001c22ca80000, 0x000001c230a08000)

Polling page: 0x000001c212680000

Metaspace:

Usage:
  Non-class:     95.25 MB used.
      Class:     13.29 MB used.
       Both:    108.53 MB used.

Virtual space:
  Non-class space:      128.00 MB reserved,      95.69 MB ( 75%) committed,  2 nodes.
      Class space:        1.00 GB reserved,      13.75 MB (  1%) committed,  1 nodes.
             Both:        1.12 GB reserved,     109.44 MB (  9%) committed. 

Chunk freelists:
   Non-Class:  352.00 KB
       Class:  2.30 MB
        Both:  2.65 MB

MaxMetaspaceSize: unlimited
CompressedClassSpaceSize: 1.00 GB
Initial GC threshold: 21.00 MB
Current GC threshold: 135.25 MB
CDS: on
MetaspaceReclaimPolicy: balanced
 - commit_granule_bytes: 65536.
 - commit_granule_words: 8192.
 - virtual_space_node_default_size: 8388608.
 - enlarge_chunks_in_place: 1.
 - new_chunks_are_fully_committed: 0.
 - uncommit_free_chunks: 1.
 - use_allocation_guard: 0.
 - handle_deallocations: 1.


Internal statistics:

num_allocs_failed_limit: 12.
num_arena_births: 1562.
num_arena_deaths: 16.
num_vsnodes_births: 3.
num_vsnodes_deaths: 0.
num_space_committed: 1751.
num_space_uncommitted: 0.
num_chunks_returned_to_freelist: 36.
num_chunks_taken_from_freelist: 6218.
num_chunk_merges: 16.
num_chunk_splits: 4111.
num_chunks_enlarged: 2751.
num_inconsistent_stats: 0.

CodeHeap 'non-profiled nmethods': size=120000Kb used=17365Kb max_used=17365Kb free=102634Kb
 bounds [0x000001c2232e0000, 0x000001c2243e0000, 0x000001c22a810000]
CodeHeap 'profiled nmethods': size=120000Kb used=34496Kb max_used=34496Kb free=85503Kb
 bounds [0x000001c21b810000, 0x000001c21d9d0000, 0x000001c222d40000]
CodeHeap 'non-nmethods': size=5760Kb used=1427Kb max_used=1543Kb free=4332Kb
 bounds [0x000001c222d40000, 0x000001c222fb0000, 0x000001c2232e0000]
 total_blobs=19236 nmethods=18474 adapters=672
 compilation: enabled
              stopped_count=0, restarted_count=0
 full_count=0

Compilation events (20 events):
Event: 3185.584 Thread 0x000001c237537710 23633       3       org.springframework.transaction.support.TransactionSynchronizationManager::isActualTransactionActive (15 bytes)
Event: 3185.585 Thread 0x000001c237537710 nmethod 23633 0x000001c21d9c1310 code [0x000001c21d9c14c0, 0x000001c21d9c16c8]
Event: 3185.589 Thread 0x000001c237537710 23634   !   3       java.util.concurrent.ConcurrentHashMap::clear (176 bytes)
Event: 3185.590 Thread 0x000001c237537710 nmethod 23634 0x000001c21d9c1790 code [0x000001c21d9c19c0, 0x000001c21d9c22e8]
Event: 3185.609 Thread 0x000001c2375360f0 nmethod 23631 0x000001c2243d1690 code [0x000001c2243d1880, 0x000001c2243d2818]
Event: 3185.609 Thread 0x000001c2375360f0 23632       4       java.nio.HeapByteBuffer::get (15 bytes)
Event: 3185.611 Thread 0x000001c2375360f0 nmethod 23632 0x000001c2243d2d90 code [0x000001c2243d2f00, 0x000001c2243d2ff8]
Event: 3185.632 Thread 0x000001c237537710 23635       3       org.hibernate.metamodel.model.domain.internal.EntityTypeImpl::findSubPathSource (74 bytes)
Event: 3185.635 Thread 0x000001c237537710 nmethod 23635 0x000001c21d9c2690 code [0x000001c21d9c29c0, 0x000001c21d9c4278]
Event: 3185.635 Thread 0x000001c237537710 23636       3       org.hibernate.metamodel.model.domain.internal.BasicSqmPathSource::createSqmPath (25 bytes)
Event: 3185.636 Thread 0x000001c237537710 nmethod 23636 0x000001c21d9c4710 code [0x000001c21d9c48e0, 0x000001c21d9c4e18]
Event: 3214.395 Thread 0x000001c2375360f0 23637       4       org.hibernate.sql.results.graph.entity.internal.EntityResultImpl::createResultAssembler (40 bytes)
Event: 3214.408 Thread 0x000001c2375360f0 nmethod 23637 0x000001c2243d3110 code [0x000001c2243d32c0, 0x000001c2243d3708]
Event: 3214.408 Thread 0x000001c2375360f0 23638       4       java.util.function.Function$$Lambda$413/0x000001c2392875e0::apply (5 bytes)
Event: 3214.409 Thread 0x000001c2375360f0 nmethod 23638 0x000001c2243d3a90 code [0x000001c2243d3c00, 0x000001c2243d3c78]
Event: 3214.431 Thread 0x000001c2375360f0 23639       4       sun.util.locale.InternalLocaleBuilder::clearExtensions (50 bytes)
Event: 3214.433 Thread 0x000001c2375360f0 nmethod 23639 0x000001c2243d3d90 code [0x000001c2243d3f00, 0x000001c2243d3fd8]
Event: 3214.445 Thread 0x000001c2375360f0 23640       4       org.hibernate.query.sqm.internal.TypecheckUtil::areTypesComparable (344 bytes)
Event: 3214.470 Thread 0x000001c2375360f0 nmethod 23640 0x000001c2243d4090 code [0x000001c2243d42e0, 0x000001c2243d4d18]
Event: 3214.470 Thread 0x000001c2375360f0 23642       4       org.hibernate.sql.results.graph.entity.AbstractEntityInitializer::resolveEntityInstance (413 bytes)

GC Heap History (20 events):
Event: 1465.528 GC heap before
{Heap before GC invocations=54 (full 0):
 garbage-first heap   total 368640K, used 321293K [0x0000000701e00000, 0x0000000800000000)
  region size 2048K, 97 young (198656K), 2 survivors (4096K)
 Metaspace       used 108814K, committed 109568K, reserved 1179648K
  class space    used 13363K, committed 13760K, reserved 1048576K
}
Event: 1465.537 GC heap after
{Heap after GC invocations=55 (full 0):
 garbage-first heap   total 368640K, used 129085K [0x0000000701e00000, 0x0000000800000000)
  region size 2048K, 2 young (4096K), 2 survivors (4096K)
 Metaspace       used 108814K, committed 109568K, reserved 1179648K
  class space    used 13363K, committed 13760K, reserved 1048576K
}
Event: 1523.639 GC heap before
{Heap before GC invocations=55 (full 0):
 garbage-first heap   total 368640K, used 321597K [0x0000000701e00000, 0x0000000800000000)
  region size 2048K, 97 young (198656K), 2 survivors (4096K)
 Metaspace       used 109048K, committed 109824K, reserved 1179648K
  class space    used 13364K, committed 13760K, reserved 1048576K
}
Event: 1523.652 GC heap after
{Heap after GC invocations=56 (full 0):
 garbage-first heap   total 368640K, used 129597K [0x0000000701e00000, 0x0000000800000000)
  region size 2048K, 2 young (4096K), 2 survivors (4096K)
 Metaspace       used 109048K, committed 109824K, reserved 1179648K
  class space    used 13364K, committed 13760K, reserved 1048576K
}
Event: 1537.320 GC heap before
{Heap before GC invocations=56 (full 0):
 garbage-first heap   total 368640K, used 324157K [0x0000000701e00000, 0x0000000800000000)
  region size 2048K, 97 young (198656K), 2 survivors (4096K)
 Metaspace       used 109132K, committed 109952K, reserved 1179648K
  class space    used 13365K, committed 13760K, reserved 1048576K
}
Event: 1537.337 GC heap after
{Heap after GC invocations=57 (full 0):
 garbage-first heap   total 368640K, used 129162K [0x0000000701e00000, 0x0000000800000000)
  region size 2048K, 2 young (4096K), 2 survivors (4096K)
 Metaspace       used 109132K, committed 109952K, reserved 1179648K
  class space    used 13365K, committed 13760K, reserved 1048576K
}
Event: 1753.897 GC heap before
{Heap before GC invocations=57 (full 0):
 garbage-first heap   total 368640K, used 323722K [0x0000000701e00000, 0x0000000800000000)
  region size 2048K, 97 young (198656K), 2 survivors (4096K)
 Metaspace       used 109218K, committed 110016K, reserved 1179648K
  class space    used 13365K, committed 13760K, reserved 1048576K
}
Event: 1753.905 GC heap after
{Heap after GC invocations=58 (full 0):
 garbage-first heap   total 368640K, used 129011K [0x0000000701e00000, 0x0000000800000000)
  region size 2048K, 2 young (4096K), 2 survivors (4096K)
 Metaspace       used 109218K, committed 110016K, reserved 1179648K
  class space    used 13365K, committed 13760K, reserved 1048576K
}
Event: 1997.069 GC heap before
{Heap before GC invocations=58 (full 0):
 garbage-first heap   total 368640K, used 325619K [0x0000000701e00000, 0x0000000800000000)
  region size 2048K, 98 young (200704K), 2 survivors (4096K)
 Metaspace       used 109359K, committed 110144K, reserved 1179648K
  class space    used 13370K, committed 13760K, reserved 1048576K
}
Event: 1997.080 GC heap after
{Heap after GC invocations=59 (full 0):
 garbage-first heap   total 368640K, used 129525K [0x0000000701e00000, 0x0000000800000000)
  region size 2048K, 2 young (4096K), 2 survivors (4096K)
 Metaspace       used 109359K, committed 110144K, reserved 1179648K
  class space    used 13370K, committed 13760K, reserved 1048576K
}
Event: 2229.575 GC heap before
{Heap before GC invocations=59 (full 0):
 garbage-first heap   total 368640K, used 326133K [0x0000000701e00000, 0x0000000800000000)
  region size 2048K, 98 young (200704K), 2 survivors (4096K)
 Metaspace       used 109369K, committed 110144K, reserved 1179648K
  class space    used 13370K, committed 13760K, reserved 1048576K
}
Event: 2229.584 GC heap after
{Heap after GC invocations=60 (full 0):
 garbage-first heap   total 368640K, used 129597K [0x0000000701e00000, 0x0000000800000000)
  region size 2048K, 2 young (4096K), 2 survivors (4096K)
 Metaspace       used 109369K, committed 110144K, reserved 1179648K
  class space    used 13370K, committed 13760K, reserved 1048576K
}
Event: 2387.660 GC heap before
{Heap before GC invocations=60 (full 0):
 garbage-first heap   total 368640K, used 324157K [0x0000000701e00000, 0x0000000800000000)
  region size 2048K, 98 young (200704K), 2 survivors (4096K)
 Metaspace       used 110989K, committed 111936K, reserved 1179648K
  class space    used 13607K, committed 14080K, reserved 1048576K
}
Event: 2387.673 GC heap after
{Heap after GC invocations=61 (full 0):
 garbage-first heap   total 368640K, used 130776K [0x0000000701e00000, 0x0000000800000000)
  region size 2048K, 3 young (6144K), 3 survivors (6144K)
 Metaspace       used 110989K, committed 111936K, reserved 1179648K
  class space    used 13607K, committed 14080K, reserved 1048576K
}
Event: 2622.313 GC heap before
{Heap before GC invocations=61 (full 0):
 garbage-first heap   total 368640K, used 323288K [0x0000000701e00000, 0x0000000800000000)
  region size 2048K, 97 young (198656K), 3 survivors (6144K)
 Metaspace       used 111058K, committed 112000K, reserved 1179648K
  class space    used 13607K, committed 14080K, reserved 1048576K
}
Event: 2622.326 GC heap after
{Heap after GC invocations=62 (full 0):
 garbage-first heap   total 368640K, used 130563K [0x0000000701e00000, 0x0000000800000000)
  region size 2048K, 2 young (4096K), 2 survivors (4096K)
 Metaspace       used 111058K, committed 112000K, reserved 1179648K
  class space    used 13607K, committed 14080K, reserved 1048576K
}
Event: 2864.313 GC heap before
{Heap before GC invocations=62 (full 0):
 garbage-first heap   total 368640K, used 323075K [0x0000000701e00000, 0x0000000800000000)
  region size 2048K, 97 young (198656K), 2 survivors (4096K)
 Metaspace       used 111068K, committed 112000K, reserved 1179648K
  class space    used 13607K, committed 14080K, reserved 1048576K
}
Event: 2864.324 GC heap after
{Heap after GC invocations=63 (full 0):
 garbage-first heap   total 368640K, used 130762K [0x0000000701e00000, 0x0000000800000000)
  region size 2048K, 2 young (4096K), 2 survivors (4096K)
 Metaspace       used 111068K, committed 112000K, reserved 1179648K
  class space    used 13607K, committed 14080K, reserved 1048576K
}
Event: 3097.312 GC heap before
{Heap before GC invocations=63 (full 0):
 garbage-first heap   total 368640K, used 323274K [0x0000000701e00000, 0x0000000800000000)
  region size 2048K, 96 young (196608K), 2 survivors (4096K)
 Metaspace       used 111094K, committed 112000K, reserved 1179648K
  class space    used 13607K, committed 14080K, reserved 1048576K
}
Event: 3097.321 GC heap after
{Heap after GC invocations=64 (full 0):
 garbage-first heap   total 368640K, used 130631K [0x0000000701e00000, 0x0000000800000000)
  region size 2048K, 2 young (4096K), 2 survivors (4096K)
 Metaspace       used 111094K, committed 112000K, reserved 1179648K
  class space    used 13607K, committed 14080K, reserved 1048576K
}

Deoptimization events (20 events):
Event: 2286.076 Thread 0x000001c2002cd570 Uncommon trap: trap_request=0xffffffbe fr.pc=0x000001c224330220 relative=0x0000000000000900
Event: 2286.076 Thread 0x000001c2002cd570 Uncommon trap: reason=profile_predicate action=maybe_recompile pc=0x000001c224330220 method=org.hibernate.internal.util.collections.StandardStack.findCurrentFirstWithParameter(Ljava/lang/Object;Ljava/util/function/BiFunction;)Ljava/lang/Object; @ 8 c2
Event: 2286.076 Thread 0x000001c2002cd570 DEOPT PACKING pc=0x000001c224330220 sp=0x00000088026f7fe0
Event: 2286.076 Thread 0x000001c2002cd570 DEOPT UNPACKING pc=0x000001c222d923a3 sp=0x00000088026f7f98 mode 2
Event: 2286.077 Thread 0x000001c2002cd570 Uncommon trap: trap_request=0xffffffbe fr.pc=0x000001c224330220 relative=0x0000000000000900
Event: 2286.077 Thread 0x000001c2002cd570 Uncommon trap: reason=profile_predicate action=maybe_recompile pc=0x000001c224330220 method=org.hibernate.internal.util.collections.StandardStack.findCurrentFirstWithParameter(Ljava/lang/Object;Ljava/util/function/BiFunction;)Ljava/lang/Object; @ 8 c2
Event: 2286.077 Thread 0x000001c2002cd570 DEOPT PACKING pc=0x000001c224330220 sp=0x00000088026f7fe0
Event: 2286.077 Thread 0x000001c2002cd570 DEOPT UNPACKING pc=0x000001c222d923a3 sp=0x00000088026f7f98 mode 2
Event: 2286.101 Thread 0x000001c2002cd570 Uncommon trap: trap_request=0xffffffbe fr.pc=0x000001c224330220 relative=0x0000000000000900
Event: 2286.101 Thread 0x000001c2002cd570 Uncommon trap: reason=profile_predicate action=maybe_recompile pc=0x000001c224330220 method=org.hibernate.internal.util.collections.StandardStack.findCurrentFirstWithParameter(Ljava/lang/Object;Ljava/util/function/BiFunction;)Ljava/lang/Object; @ 8 c2
Event: 2286.101 Thread 0x000001c2002cd570 DEOPT PACKING pc=0x000001c224330220 sp=0x00000088026f7fe0
Event: 2286.101 Thread 0x000001c2002cd570 DEOPT UNPACKING pc=0x000001c222d923a3 sp=0x00000088026f7f98 mode 2
Event: 2532.439 Thread 0x000001c2002d2160 DEOPT PACKING pc=0x000001c21bac7c28 sp=0x00000088029fa0b0
Event: 2532.439 Thread 0x000001c2002d2160 DEOPT UNPACKING pc=0x000001c222d92b43 sp=0x00000088029f95c0 mode 0
Event: 3124.998 Thread 0x000001c2002d0810 Uncommon trap: trap_request=0xfffffff4 fr.pc=0x000001c224336208 relative=0x0000000000000f68
Event: 3124.998 Thread 0x000001c2002d0810 Uncommon trap: reason=null_check action=make_not_entrant pc=0x000001c224336208 method=org.hibernate.sql.results.jdbc.internal.JdbcValuesSourceProcessingStateStandardImpl.findInitializer(Lorg/hibernate/engine/spi/EntityUniqueKey;)Lorg/hibernate/sql/results
Event: 3124.998 Thread 0x000001c2002d0810 DEOPT PACKING pc=0x000001c224336208 sp=0x00000088025f7bb0
Event: 3124.998 Thread 0x000001c2002d0810 DEOPT UNPACKING pc=0x000001c222d923a3 sp=0x00000088025f7a90 mode 2
Event: 3185.589 Thread 0x000001c2002cf8e0 DEOPT PACKING pc=0x000001c21c9f24a1 sp=0x00000088020fef80
Event: 3185.589 Thread 0x000001c2002cf8e0 DEOPT UNPACKING pc=0x000001c222d92b43 sp=0x00000088020fe430 mode 0

Classes unloaded (8 events):
Event: 36.542 Thread 0x000001c2374062b0 Unloading class 0x000001c239aa8c00 'jdk/internal/reflect/GeneratedSerializationConstructorAccessor8'
Event: 36.542 Thread 0x000001c2374062b0 Unloading class 0x000001c239aa8800 'jdk/internal/reflect/GeneratedSerializationConstructorAccessor7'
Event: 36.542 Thread 0x000001c2374062b0 Unloading class 0x000001c239aa8400 'jdk/internal/reflect/GeneratedSerializationConstructorAccessor6'
Event: 36.542 Thread 0x000001c2374062b0 Unloading class 0x000001c239a94400 'jdk/internal/reflect/GeneratedSerializationConstructorAccessor5'
Event: 36.542 Thread 0x000001c2374062b0 Unloading class 0x000001c239a94000 'jdk/internal/reflect/GeneratedSerializationConstructorAccessor4'
Event: 36.542 Thread 0x000001c2374062b0 Unloading class 0x000001c239a6dc00 'jdk/internal/reflect/GeneratedSerializationConstructorAccessor3'
Event: 36.543 Thread 0x000001c2374062b0 Unloading class 0x000001c239a6d800 'jdk/internal/reflect/GeneratedSerializationConstructorAccessor2'
Event: 36.543 Thread 0x000001c2374062b0 Unloading class 0x000001c239a5c000 'jdk/internal/reflect/GeneratedSerializationConstructorAccessor1'

Classes redefined (0 events):
No events

Internal exceptions (20 events):
Event: 2275.577 Thread 0x000001c2002d3090 Implicit null exception at 0x000001c224223420 to 0x000001c224226fc0
Event: 2275.659 Thread 0x000001c2002cd570 Implicit null exception at 0x000001c22419a34b to 0x000001c22419a668
Event: 2275.777 Thread 0x000001c2002d49e0 Implicit null exception at 0x000001c224218fa0 to 0x000001c224219984
Event: 2275.843 Thread 0x000001c2002cd570 Exception <a 'java/lang/NoSuchMethodError'{0x0000000714cc39c0}: 'java.lang.Object java.lang.invoke.DirectMethodHandle$Holder.invokeSpecial(java.lang.Object, java.lang.Object, long, java.lang.Object)'> (0x0000000714cc39c0) 
thrown [s\open\src\hotspot\share\interpreter\linkResolver.cpp, line 759]
Event: 2281.044 Thread 0x000001c2002cfdf0 Implicit null exception at 0x000001c223ebee53 to 0x000001c223ebf07c
Event: 2281.044 Thread 0x000001c2002cfdf0 Implicit null exception at 0x000001c2242cd02c to 0x000001c2242cd0b5
Event: 2281.073 Thread 0x000001c2002cfdf0 Exception <a 'java/lang/reflect/InvocationTargetException'{0x00000007138374d0}> (0x00000007138374d0) 
thrown [s\open\src\hotspot\share\runtime\reflection.cpp, line 1121]
Event: 2281.075 Thread 0x000001c2002cfdf0 Exception <a 'java/lang/reflect/InvocationTargetException'{0x000000071383c1e0}> (0x000000071383c1e0) 
thrown [s\open\src\hotspot\share\runtime\reflection.cpp, line 1121]
Event: 2281.379 Thread 0x000001c2002d0810 Exception <a 'java/lang/reflect/InvocationTargetException'{0x000000071350de78}> (0x000000071350de78) 
thrown [s\open\src\hotspot\share\runtime\reflection.cpp, line 1121]
Event: 2281.381 Thread 0x000001c2002d0810 Exception <a 'java/lang/reflect/InvocationTargetException'{0x0000000713510510}> (0x0000000713510510) 
thrown [s\open\src\hotspot\share\runtime\reflection.cpp, line 1121]
Event: 2282.253 Thread 0x000001c2002cf8e0 Implicit null exception at 0x000001c224115bf4 to 0x000001c224116518
Event: 2286.127 Thread 0x000001c2002cd570 Exception <a 'java/lang/reflect/InvocationTargetException'{0x0000000711f66a00}> (0x0000000711f66a00) 
thrown [s\open\src\hotspot\share\runtime\reflection.cpp, line 1121]
Event: 2286.129 Thread 0x000001c2002cd570 Exception <a 'java/lang/reflect/InvocationTargetException'{0x0000000711f69308}> (0x0000000711f69308) 
thrown [s\open\src\hotspot\share\runtime\reflection.cpp, line 1121]
Event: 2286.314 Thread 0x000001c2002d2160 Exception <a 'java/lang/reflect/InvocationTargetException'{0x0000000711b20660}> (0x0000000711b20660) 
thrown [s\open\src\hotspot\share\runtime\reflection.cpp, line 1121]
Event: 2286.316 Thread 0x000001c2002d2160 Exception <a 'java/lang/reflect/InvocationTargetException'{0x0000000711b22cf8}> (0x0000000711b22cf8) 
thrown [s\open\src\hotspot\share\runtime\reflection.cpp, line 1121]
Event: 3124.998 Thread 0x000001c2002d0810 Implicit null exception at 0x000001c2243359b7 to 0x000001c2243361f0
Event: 3125.150 Thread 0x000001c2002d0810 Exception <a 'java/lang/reflect/InvocationTargetException'{0x0000000715b3ac50}> (0x0000000715b3ac50) 
thrown [s\open\src\hotspot\share\runtime\reflection.cpp, line 1121]
Event: 3125.152 Thread 0x000001c2002d0810 Exception <a 'java/lang/reflect/InvocationTargetException'{0x0000000715b3d540}> (0x0000000715b3d540) 
thrown [s\open\src\hotspot\share\runtime\reflection.cpp, line 1121]
Event: 3125.675 Thread 0x000001c2002d0300 Exception <a 'java/lang/reflect/InvocationTargetException'{0x00000007156fc528}> (0x00000007156fc528) 
thrown [s\open\src\hotspot\share\runtime\reflection.cpp, line 1121]
Event: 3125.682 Thread 0x000001c2002d0300 Exception <a 'java/lang/reflect/InvocationTargetException'{0x00000007156febc0}> (0x00000007156febc0) 
thrown [s\open\src\hotspot\share\runtime\reflection.cpp, line 1121]

VM Operations (20 events):
Event: 3112.425 Executing VM operation: Cleanup
Event: 3112.425 Executing VM operation: Cleanup done
Event: 3114.427 Executing VM operation: Cleanup
Event: 3114.427 Executing VM operation: Cleanup done
Event: 3124.485 Executing VM operation: Cleanup
Event: 3124.486 Executing VM operation: Cleanup done
Event: 3125.494 Executing VM operation: Cleanup
Event: 3125.642 Executing VM operation: Cleanup done
Event: 3126.644 Executing VM operation: Cleanup
Event: 3126.645 Executing VM operation: Cleanup done
Event: 3127.742 Executing VM operation: HandshakeAllThreads
Event: 3127.742 Executing VM operation: HandshakeAllThreads done
Event: 3154.971 Executing VM operation: Cleanup
Event: 3154.972 Executing VM operation: Cleanup done
Event: 3186.177 Executing VM operation: Cleanup
Event: 3186.177 Executing VM operation: Cleanup done
Event: 3187.866 Executing VM operation: HandshakeAllThreads
Event: 3187.866 Executing VM operation: HandshakeAllThreads done
Event: 3215.059 Executing VM operation: Cleanup
Event: 3215.060 Executing VM operation: Cleanup done

Events (20 events):
Event: 3124.995 Thread 0x000001c27d3d87d0 Thread added: 0x000001c27d3d87d0
Event: 3124.997 Thread 0x000001c27d3d78a0 Thread added: 0x000001c27d3d78a0
Event: 3124.998 Thread 0x000001c27d3ddde0 Thread added: 0x000001c27d3ddde0
Event: 3124.999 Thread 0x000001c27d3ded10 Thread added: 0x000001c27d3ded10
Event: 3125.004 Thread 0x000001c27d3db560 Thread added: 0x000001c27d3db560
Event: 3125.005 Thread 0x000001c27d3dbf80 Thread added: 0x000001c27d3dbf80
Event: 3173.949 Thread 0x000001c27d3d91f0 Thread exited: 0x000001c27d3d91f0
Event: 3173.984 Thread 0x000001c27d3d9700 Thread exited: 0x000001c27d3d9700
Event: 3173.984 Thread 0x000001c27d3d82c0 Thread exited: 0x000001c27d3d82c0
Event: 3173.985 Thread 0x000001c27d3da120 Thread exited: 0x000001c27d3da120
Event: 3184.973 Thread 0x000001c27d3da630 Thread exited: 0x000001c27d3da630
Event: 3184.994 Thread 0x000001c27d3db050 Thread exited: 0x000001c27d3db050
Event: 3185.005 Thread 0x000001c27d3dab40 Thread exited: 0x000001c27d3dab40
Event: 3185.006 Thread 0x000001c27d3d9c10 Thread exited: 0x000001c27d3d9c10
Event: 3185.017 Thread 0x000001c27d3ded10 Thread exited: 0x000001c27d3ded10
Event: 3185.018 Thread 0x000001c27d3d87d0 Thread exited: 0x000001c27d3d87d0
Event: 3185.026 Thread 0x000001c27d3d78a0 Thread exited: 0x000001c27d3d78a0
Event: 3185.033 Thread 0x000001c27d3db560 Thread exited: 0x000001c27d3db560
Event: 3185.036 Thread 0x000001c27d3ddde0 Thread exited: 0x000001c27d3ddde0
Event: 3185.049 Thread 0x000001c27d3dbf80 Thread exited: 0x000001c27d3dbf80


Dynamic libraries:
0x00007ff71eca0000 - 0x00007ff71ecb0000 	C:\Program Files\Java\jdk-17\bin\java.exe
0x00007ffcf73e0000 - 0x00007ffcf7647000 	C:\WINDOWS\SYSTEM32\ntdll.dll
0x00007ffcf5270000 - 0x00007ffcf5339000 	C:\WINDOWS\System32\KERNEL32.DLL
0x00007ffcf4ac0000 - 0x00007ffcf4eb4000 	C:\WINDOWS\System32\KERNELBASE.dll
0x00007ffcf4ef0000 - 0x00007ffcf503b000 	C:\WINDOWS\System32\ucrtbase.dll
0x00007ffcee0b0000 - 0x00007ffcee0c9000 	C:\Program Files\Java\jdk-17\bin\jli.dll
0x00007ffcedb20000 - 0x00007ffcedb3b000 	C:\Program Files\Java\jdk-17\bin\VCRUNTIME140.dll
0x00007ffcf6360000 - 0x00007ffcf6416000 	C:\WINDOWS\System32\ADVAPI32.dll
0x00007ffcf6890000 - 0x00007ffcf6939000 	C:\WINDOWS\System32\msvcrt.dll
0x00007ffcf5c60000 - 0x00007ffcf5d07000 	C:\WINDOWS\System32\sechost.dll
0x00007ffcf5b40000 - 0x00007ffcf5c58000 	C:\WINDOWS\System32\RPCRT4.dll
0x00007ffcf6950000 - 0x00007ffcf6b15000 	C:\WINDOWS\System32\USER32.dll
0x00007ffcf4ec0000 - 0x00007ffcf4ee7000 	C:\WINDOWS\System32\win32u.dll
0x00007ffce0c70000 - 0x00007ffce0f03000 	C:\WINDOWS\WinSxS\amd64_microsoft.windows.common-controls_6595b64144ccf1df_6.0.26100.8115_none_3e075c82e3354f9c\COMCTL32.dll
0x00007ffcf5d10000 - 0x00007ffcf5d3b000 	C:\WINDOWS\System32\GDI32.dll
0x00007ffcf5040000 - 0x00007ffcf516b000 	C:\WINDOWS\System32\gdi32full.dll
0x00007ffcf3d70000 - 0x00007ffcf3e13000 	C:\WINDOWS\System32\msvcp_win.dll
0x00007ffce5a00000 - 0x00007ffce5a0b000 	C:\WINDOWS\SYSTEM32\VERSION.dll
0x00007ffcf6b30000 - 0x00007ffcf6b62000 	C:\WINDOWS\System32\IMM32.DLL
0x00007ffcefdb0000 - 0x00007ffcefdbc000 	C:\Program Files\Java\jdk-17\bin\vcruntime140_1.dll
0x00007ffced950000 - 0x00007ffced9de000 	C:\Program Files\Java\jdk-17\bin\msvcp140.dll
0x00007ffc8d7b0000 - 0x00007ffc8e390000 	C:\Program Files\Java\jdk-17\bin\server\jvm.dll
0x00007ffcf6350000 - 0x00007ffcf6358000 	C:\WINDOWS\System32\PSAPI.DLL
0x00007ffce79c0000 - 0x00007ffce79ca000 	C:\WINDOWS\SYSTEM32\WSOCK32.dll
0x00007ffcf5ab0000 - 0x00007ffcf5b30000 	C:\WINDOWS\System32\WS2_32.dll
0x00007ffce44a0000 - 0x00007ffce44d6000 	C:\WINDOWS\SYSTEM32\WINMM.dll
0x00007ffcf2a00000 - 0x00007ffcf2a1b000 	C:\WINDOWS\SYSTEM32\kernel.appcore.dll
0x00007ffcef130000 - 0x00007ffcef13a000 	C:\Program Files\Java\jdk-17\bin\jimage.dll
0x00007ffcf1680000 - 0x00007ffcf18c2000 	C:\WINDOWS\SYSTEM32\DBGHELP.DLL
0x00007ffcf53c0000 - 0x00007ffcf5742000 	C:\WINDOWS\System32\combase.dll
0x00007ffcf6480000 - 0x00007ffcf6558000 	C:\WINDOWS\System32\OLEAUT32.dll
0x00007ffcdb630000 - 0x00007ffcdb66b000 	C:\WINDOWS\SYSTEM32\dbgcore.DLL
0x00007ffcf3e20000 - 0x00007ffcf3ec5000 	C:\WINDOWS\System32\bcryptPrimitives.dll
0x00007ffcedaf0000 - 0x00007ffcedafe000 	C:\Program Files\Java\jdk-17\bin\instrument.dll
0x00007ffceda70000 - 0x00007ffceda95000 	C:\Program Files\Java\jdk-17\bin\java.dll
0x00007ffce2f90000 - 0x00007ffce3067000 	C:\Program Files\Java\jdk-17\bin\jsvml.dll
0x00007ffcf6b70000 - 0x00007ffcf72d7000 	C:\WINDOWS\System32\SHELL32.dll
0x00007ffcf4740000 - 0x00007ffcf48aa000 	C:\WINDOWS\System32\wintypes.dll
0x00007ffcf3ed0000 - 0x00007ffcf4738000 	C:\WINDOWS\System32\windows.storage.dll
0x00007ffcf5da0000 - 0x00007ffcf5e98000 	C:\WINDOWS\System32\SHCORE.dll
0x00007ffcf5170000 - 0x00007ffcf51d6000 	C:\WINDOWS\System32\shlwapi.dll
0x00007ffcf3bd0000 - 0x00007ffcf3bf9000 	C:\WINDOWS\SYSTEM32\profapi.dll
0x00007ffced8c0000 - 0x00007ffced8d8000 	C:\Program Files\Java\jdk-17\bin\zip.dll
0x00007ffceda50000 - 0x00007ffceda69000 	C:\Program Files\Java\jdk-17\bin\net.dll
0x00007ffcec980000 - 0x00007ffcecaad000 	C:\WINDOWS\SYSTEM32\WINHTTP.dll
0x00007ffcf2f50000 - 0x00007ffcf2fbc000 	C:\WINDOWS\system32\mswsock.dll
0x00007ffced910000 - 0x00007ffced926000 	C:\Program Files\Java\jdk-17\bin\nio.dll
0x00007ffced880000 - 0x00007ffced890000 	C:\Program Files\Java\jdk-17\bin\verify.dll
0x00007ffced8b0000 - 0x00007ffced8ba000 	C:\Program Files\Java\jdk-17\bin\management.dll
0x00007ffced8a0000 - 0x00007ffced8ab000 	C:\Program Files\Java\jdk-17\bin\management_ext.dll
0x00007ffced900000 - 0x00007ffced90e000 	C:\Program Files\Java\jdk-17\bin\sunmscapi.dll
0x00007ffcf4940000 - 0x00007ffcf4ab7000 	C:\WINDOWS\System32\CRYPT32.dll
0x00007ffcf34b0000 - 0x00007ffcf34e0000 	C:\WINDOWS\SYSTEM32\ncrypt.dll
0x00007ffcf3460000 - 0x00007ffcf349f000 	C:\WINDOWS\SYSTEM32\NTASN1.dll
0x00007ffcf3350000 - 0x00007ffcf336b000 	C:\WINDOWS\SYSTEM32\CRYPTSP.dll
0x00007ffcf2960000 - 0x00007ffcf2999000 	C:\WINDOWS\system32\rsaenh.dll
0x00007ffcf3000000 - 0x00007ffcf3033000 	C:\WINDOWS\SYSTEM32\USERENV.dll
0x00007ffcf3ba0000 - 0x00007ffcf3bca000 	C:\WINDOWS\SYSTEM32\bcrypt.dll
0x00007ffcf31b0000 - 0x00007ffcf31bc000 	C:\WINDOWS\SYSTEM32\CRYPTBASE.dll
0x00007ffcf23e0000 - 0x00007ffcf2412000 	C:\WINDOWS\SYSTEM32\IPHLPAPI.DLL
0x00007ffcf6940000 - 0x00007ffcf694a000 	C:\WINDOWS\System32\NSI.dll
0x00007ffced690000 - 0x00007ffced6ad000 	C:\WINDOWS\SYSTEM32\dhcpcsvc6.DLL
0x00007ffced660000 - 0x00007ffced685000 	C:\WINDOWS\SYSTEM32\dhcpcsvc.DLL
0x00007ffcf2470000 - 0x00007ffcf25a2000 	C:\WINDOWS\SYSTEM32\DNSAPI.dll
0x00007ffceb180000 - 0x00007ffceb18b000 	C:\Windows\System32\rasadhlp.dll
0x00007ffcea8c0000 - 0x00007ffcea946000 	C:\WINDOWS\System32\fwpuclnt.dll
0x00007ffc8b510000 - 0x00007ffc8b518000 	C:\WINDOWS\system32\wshunix.dll
0x00007ffcef0c0000 - 0x00007ffcef0d8000 	C:\WINDOWS\system32\napinsp.dll
0x00007ffcd0de0000 - 0x00007ffcd0df3000 	C:\WINDOWS\System32\winrnr.dll
0x00007ffcd0db0000 - 0x00007ffcd0dd2000 	C:\WINDOWS\system32\nlansp_c.dll
0x00007ffcec3e0000 - 0x00007ffcec3f6000 	C:\WINDOWS\system32\wshbth.dll

dbghelp: loaded successfully - version: 4.0.5 - missing functions: none
symbol engine: initialized successfully - sym options: 0x614 - pdb path: .;C:\Program Files\Java\jdk-17\bin;C:\WINDOWS\SYSTEM32;C:\WINDOWS\WinSxS\amd64_microsoft.windows.common-controls_6595b64144ccf1df_6.0.26100.8115_none_3e075c82e3354f9c;C:\Program Files\Java\jdk-17\bin\server

VM Arguments:
jvm_args: -javaagent:D:\Program Files\JetBrains\IntelliJ IDEA Community Edition 2025.2.6.1\lib\idea_rt.jar=57728 -Dfile.encoding=UTF-8 
java_command: com.epms.EpmsApplication
java_class_path (initial): C:\Users\User X\IdeaProjects\EPMSF_Lynn\EPMS\target\classes;C:\Users\User X\.m2\repository\org\springframework\boot\spring-boot-starter-web\3.2.5\spring-boot-starter-web-3.2.5.jar;C:\Users\User X\.m2\repository\org\springframework\boot\spring-boot-starter\3.2.5\spring-boot-starter-3.2.5.jar;C:\Users\User X\.m2\repository\org\springframework\boot\spring-boot-starter-logging\3.2.5\spring-boot-starter-logging-3.2.5.jar;C:\Users\User X\.m2\repository\ch\qos\logback\logback-classic\1.4.14\logback-classic-1.4.14.jar;C:\Users\User X\.m2\repository\ch\qos\logback\logback-core\1.4.14\logback-core-1.4.14.jar;C:\Users\User X\.m2\repository\org\apache\logging\log4j\log4j-to-slf4j\2.21.1\log4j-to-slf4j-2.21.1.jar;C:\Users\User X\.m2\repository\org\slf4j\jul-to-slf4j\2.0.13\jul-to-slf4j-2.0.13.jar;C:\Users\User X\.m2\repository\jakarta\annotation\jakarta.annotation-api\2.1.1\jakarta.annotation-api-2.1.1.jar;C:\Users\User X\.m2\repository\org\yaml\snakeyaml\2.2\snakeyaml-2.2.jar;C:\Users\User X\.m2\repository\org\springframework\boot\spring-boot-starter-json\3.2.5\spring-boot-starter-json-3.2.5.jar;C:\Users\User X\.m2\repository\com\fasterxml\jackson\datatype\jackson-datatype-jdk8\2.15.4\jackson-datatype-jdk8-2.15.4.jar;C:\Users\User X\.m2\repository\com\fasterxml\jackson\datatype\jackson-datatype-jsr310\2.15.4\jackson-datatype-jsr310-2.15.4.jar;C:\Users\User X\.m2\repository\com\fasterxml\jackson\module\jackson-module-parameter-names\2.15.4\jackson-module-parameter-names-2.15.4.jar;C:\Users\User X\.m2\repository\org\springframework\boot\spring-boot-starter-tomcat\3.2.5\spring-boot-starter-tomcat-3.2.5.jar;C:\Users\User X\.m2\repository\org\apache\tomcat\embed\tomcat-embed-core\10.1.20\tomcat-embed-core-10.1.20.jar;C:\Users\User X\.m2\repository\org\apache\tomcat\embed\tomcat-embed-websocket\10.1.20\tomcat-embed-websocket-10.1.20.jar;C:\Users\User X\.m2\repository\org\springframework\spring-web\6.1.6\spring-web-6.1.6.jar;C:\Users\User X\.m2\repository\
Launcher Type: SUN_STANDARD

[Global flags]
     intx CICompilerCount                          = 4                                         {product} {ergonomic}
     uint ConcGCThreads                            = 2                                         {product} {ergonomic}
     uint G1ConcRefinementThreads                  = 8                                         {product} {ergonomic}
   size_t G1HeapRegionSize                         = 2097152                                   {product} {ergonomic}
    uintx GCDrainStackTargetSize                   = 64                                        {product} {ergonomic}
   size_t InitialHeapSize                          = 268435456                                 {product} {ergonomic}
   size_t MarkStackSize                            = 4194304                                   {product} {ergonomic}
   size_t MaxHeapSize                              = 4263510016                                {product} {ergonomic}
   size_t MaxNewSize                               = 2556428288                                {product} {ergonomic}
   size_t MinHeapDeltaBytes                        = 2097152                                   {product} {ergonomic}
   size_t MinHeapSize                              = 8388608                                   {product} {ergonomic}
    uintx NonNMethodCodeHeapSize                   = 5839372                                {pd product} {ergonomic}
    uintx NonProfiledCodeHeapSize                  = 122909434                              {pd product} {ergonomic}
    uintx ProfiledCodeHeapSize                     = 122909434                              {pd product} {ergonomic}
    uintx ReservedCodeCacheSize                    = 251658240                              {pd product} {ergonomic}
     bool SegmentedCodeCache                       = true                                      {product} {ergonomic}
   size_t SoftMaxHeapSize                          = 4263510016                             {manageable} {ergonomic}
     bool UseCompressedClassPointers               = true                           {product lp64_product} {ergonomic}
     bool UseCompressedOops                        = true                           {product lp64_product} {ergonomic}
     bool UseG1GC                                  = true                                      {product} {ergonomic}
     bool UseLargePagesIndividualAllocation        = false                                  {pd product} {ergonomic}

Logging:
Log output configuration:
 #0: stdout all=warning uptime,level,tags
 #1: stderr all=off uptime,level,tags

Environment Variables:
PATH=C:\Program Files (x86)\VMware\VMware Workstation\bin\;C:\Program Files\Common Files\Oracle\Java\javapath;C:\Users\User X\AppData\Local\Programs\Python\Python313\Scripts\;C:\Users\User X\AppData\Local\Programs\Python\Python313\;C:\WINDOWS\system32;C:\WINDOWS;C:\WINDOWS\System32\Wbem;C:\WINDOWS\System32\WindowsPowerShell\v1.0\;C:\WINDOWS\System32\OpenSSH\;C:\ProgramData\chocolatey\bin;C:\Program Files\cursor\resources\app\bin;C:\Program Files\nodejs\;D:\User X\Git\cmd;C:\Users\User X\AppData\Local\Microsoft\WindowsApps;C:\Program Files\heroku\bin;C:\Users\User X\AppData\Local\Programs\Microsoft VS Code\bin;C:\Users\User X\AppData\Roaming\npm;C:\Users\User X\AppData\Local\GitHubDesktop\bin;D:\Program Files\JetBrains\IntelliJ IDEA Community Edition 2025.2.6.1\bin;C:\Users\User X\AppData\Local\Programs\Antigravity\bin
USERNAME=User X
OS=Windows_NT
PROCESSOR_IDENTIFIER=Intel64 Family 6 Model 142 Stepping 10, GenuineIntel



---------------  S Y S T E M  ---------------

OS:
 Windows 11 , 64 bit Build 26100 (10.0.26100.8246)
OS uptime: 2 days 23:18 hours
Hyper-V role detected

CPU: total 8 (initial active 8) (4 cores per cpu, 2 threads per core) family 6 model 142 stepping 10 microcode 0xf0, cx8, cmov, fxsr, ht, mmx, 3dnowpref, sse, sse2, sse3, ssse3, sse4.1, sse4.2, popcnt, lzcnt, tsc, tscinvbit, avx, avx2, aes, erms, clmul, bmi1, bmi2, adx, fma, vzeroupper, clflush, clflushopt, hv

Memory: 4k page, system-wide physical 16258M (747M free)
TotalPageFile size 31508M (AvailPageFile size 10M)
current process WorkingSet (physical memory assigned to process): 512M, peak: 661M
current process commit charge ("private bytes"): 728M, peak: 733M

vm_info: Java HotSpot(TM) 64-Bit Server VM (17.0.12+8-LTS-286) for windows-amd64 JRE (17.0.12+8-LTS-286), built on Jun  5 2024 06:46:59 by "mach5one" with MS VC++ 17.6 (VS2022)

END.
